// Vitest Snapshot v1, https://vitest.dev/guide/snapshot.html

exports[`TrashIcon > matches snapshot 1`] = `
<div>
  <svg
    class="h-5 w-5"
    fill="currentColor"
    viewBox="0 0 20 20"
    xmlns="http://www.w3.org/2000/svg"
  >
    <path
      clip-rule="evenodd"
      d="M6 2a1 1 0 00-1 1v1H3a1 1 0 100 2h1v10a2 2 0 002 2h8a2 2 0 002-2V6h1a1 1 0 100-2h-2V3a1 1 0 00-1-1H6zm3 3a1 1 0 112 0v1h2a1 1 0 110 2h-1v7a1 1 0 11-2 0V8H9a1 1 0 110-2h1V5z"
      fill-rule="evenodd"
    />
  </svg>
</div>
`;
